#-----------------------------------------------------------
# Vivado v2025.2 (64-bit)
# SW Build 6299465 on Fri Nov 14 19:35:11 GMT 2025
# IP Build 6300035 on Fri Nov 14 10:48:45 MST 2025
# SharedData Build 6298862 on Thu Nov 13 04:50:51 MST 2025
# Start of session at: Tue Mar 10 09:59:49 2026
# Process ID         : 11764
# Current directory  : F:/Vivado/Drone/Drone.runs/impl_1
# Command line       : vivado.exe -log pipe_MIPS32.vdi -applog -product Vivado -messageDb vivado.pb -mode batch -source pipe_MIPS32.tcl -notrace
# Log file           : F:/Vivado/Drone/Drone.runs/impl_1/pipe_MIPS32.vdi
# Journal file       : F:/Vivado/Drone/Drone.runs/impl_1\vivado.jou
# Running On         : MegaTron
# Platform           : Windows Server 2016 or Windows 10
# Operating System   : 26200
# Processor Detail   : 11th Gen Intel(R) Core(TM) i5-11260H @ 2.60GHz
# CPU Frequency      : 2611 MHz
# CPU Physical cores : 6
# CPU Logical cores  : 12
# Host memory        : 16893 MB
# Swap memory        : 21557 MB
# Total Virtual      : 38450 MB
# Available Virtual  : 13852 MB
#-----------------------------------------------------------
source pipe_MIPS32.tcl -notrace
